MAP
  EXTENT 5.87161922454851 46.5799460411074 15.0381126403809 55.7464394569397
  IMAGETYPE "png"
  NAME "QWERTZ"
  SIZE 600 600
  STATUS ON
  UNITS DD

  OUTPUTFORMAT
    NAME "png"
    MIMETYPE "image/png"
    DRIVER "AGG/PNG"
    EXTENSION "png"
    IMAGEMODE RGBA
    TRANSPARENT TRUE
  END # OUTPUTFORMAT

  PROJECTION
    "proj=longlat"
    "datum=WGS84"
    "no_defs"
  END # PROJECTION
  LEGEND
    KEYSIZE 20 10
    KEYSPACING 5 5
    LABEL
      SIZE MEDIUM
      OFFSET 0 0
      SHADOWSIZE 1 1
      TYPE BITMAP
    END # LABEL
    STATUS OFF
  END # LEGEND

  QUERYMAP
    SIZE -1 -1
    STATUS OFF
    STYLE HILITE
  END # QUERYMAP

  SCALEBAR
    INTERVALS 4
    LABEL
      SIZE MEDIUM
      OFFSET 0 0
      SHADOWSIZE 1 1
      TYPE BITMAP
    END # LABEL
    SIZE 200 3
    STATUS OFF
    UNITS MILES
  END # SCALEBAR

  WEB
    FOOTER ""
    HEADER ""
    TEMPPATH ""
    METADATA
      "ows_onlineresource"	"http://localhost/cgi-bin/mapserv?map=/home/matthias/Documents/MapFile Export/DEU_adm1.map"
      "ows_enable_request"	"*"
      "ows_srs"	"EPSG:4326"
      "ows_title"	"QGIS-MAP"
    END # METADATA
    TEMPLATE "[templatepath]"
  END # WEB

  LAYER
    DATA "/home/matthias/Downloads/shapes/DEU_adm1.shp"
    EXTENT 5.87161922454851 47.2698593139648 15.0381126403809 55.0565261840823
    METADATA
      "ows_title"	"DEU_adm1"
    END # METADATA
    NAME "DEU_adm1"
    PROJECTION
      "proj=longlat"
      "datum=WGS84"
      "no_defs"
    END # PROJECTION
    STATUS ON
    TILEITEM "location"
    TYPE POLYGON
    UNITS METERS
    CLASS
      NAME "1 - 5"
      EXPRESSION (([ID_1] >= 1) AND ([ID_1] <= 5))
      STYLE
        COLOR 77 255 88
        OUTLINECOLOR 0 0 0
        WIDTH 0.26
      END # STYLE
    END # CLASS
    CLASS
      NAME "5 - 10"
      EXPRESSION (([ID_1] > 5) AND ([ID_1] <= 10))
      STYLE
        COLOR 75 200 130
        OUTLINECOLOR 0 0 0
        WIDTH 0.26
      END # STYLE
    END # CLASS
    CLASS
      NAME "10 - 15"
      EXPRESSION (([ID_1] > 10) AND ([ID_1] <= 15))
      STYLE
        COLOR 74 144 172
        OUTLINECOLOR 0 0 0
        WIDTH 0.26
      END # STYLE
    END # CLASS
    CLASS
      NAME "15 - 16"
      EXPRESSION (([ID_1] > 15) AND ([ID_1] <= 16))
      STYLE
        COLOR 72 89 213
        OUTLINECOLOR 0 0 0
        WIDTH 0.26
      END # STYLE
    END # CLASS
    CLASS
      STYLE
        COLOR 70 33 255
        OUTLINECOLOR 0 0 0
        WIDTH 0.26
      END # STYLE
    END # CLASS
  END # LAYER

END # MAP
