MAP
  EXTENT 5.87161922454851 46.5799460411074 15.0381126403809 55.7464394569397
  IMAGETYPE "png"
  NAME "QWERTZ"
  SIZE 600 600
  STATUS ON
  UNITS DD

  OUTPUTFORMAT
    NAME "png"
    MIMETYPE "image/png"
    DRIVER "AGG/PNG"
    EXTENSION "png"
    IMAGEMODE RGBA
    TRANSPARENT TRUE
  END # OUTPUTFORMAT

  PROJECTION
    "proj=longlat"
    "datum=WGS84"
    "no_defs"
  END # PROJECTION
  LEGEND
    KEYSIZE 20 10
    KEYSPACING 5 5
    LABEL
      SIZE MEDIUM
      OFFSET 0 0
      SHADOWSIZE 1 1
      TYPE BITMAP
    END # LABEL
    STATUS OFF
  END # LEGEND

  QUERYMAP
    SIZE -1 -1
    STATUS OFF
    STYLE HILITE
  END # QUERYMAP

  SCALEBAR
    INTERVALS 4
    LABEL
      SIZE MEDIUM
      OFFSET 0 0
      SHADOWSIZE 1 1
      TYPE BITMAP
    END # LABEL
    SIZE 200 3
    STATUS OFF
    UNITS MILES
  END # SCALEBAR

  WEB
    FOOTER ""
    HEADER ""
    TEMPPATH ""
    METADATA
      "ows_onlineresource"	"http://localhost/cgi-bin/mapserv?map=/home/matthias/Documents/MapFile Export/DEU_adm1.map"
      "ows_enable_request"	"*"
      "ows_srs"	"EPSG:4326"
      "ows_title"	"QGIS-MAP"
    END # METADATA
    TEMPLATE "[templatepath]"
  END # WEB

  LAYER
    DATA "/home/matthias/Downloads/shapes/DEU_adm1.shp"
    EXTENT 5.87161922454851 47.2698593139648 15.0381126403809 55.0565261840823
    METADATA
      "ows_title"	"DEU_adm1"
    END # METADATA
    NAME "DEU_adm1"
    PROJECTION
      "proj=longlat"
      "datum=WGS84"
      "no_defs"
    END # PROJECTION
    STATUS ON
    TILEITEM "location"
    TYPE POLYGON
    UNITS METERS
    CLASS
      NAME "Baden-Württemberg"
      EXPRESSION ('[NAME_1]' = 'Baden-Württemberg')
      STYLE
        COLOR 87 255 69
        OUTLINECOLOR 0 0 0
        WIDTH 0.26
      END # STYLE
    END # CLASS
    CLASS
      NAME "Bayern"
      EXPRESSION ('[NAME_1]' = 'Bayern')
      STYLE
        COLOR 90 244 81
        OUTLINECOLOR 0 0 0
        WIDTH 0.26
      END # STYLE
    END # CLASS
    CLASS
      NAME "Berlin"
      EXPRESSION ('[NAME_1]' = 'Berlin')
      STYLE
        COLOR 93 233 94
        OUTLINECOLOR 0 0 0
        WIDTH 0.26
      END # STYLE
    END # CLASS
    CLASS
      NAME "Brandenburg"
      EXPRESSION ('[NAME_1]' = 'Brandenburg')
      STYLE
        COLOR 96 221 106
        OUTLINECOLOR 0 0 0
        WIDTH 0.26
      END # STYLE
    END # CLASS
    CLASS
      NAME "Bremen"
      EXPRESSION ('[NAME_1]' = 'Bremen')
      STYLE
        COLOR 99 210 119
        OUTLINECOLOR 0 0 0
        WIDTH 0.26
      END # STYLE
    END # CLASS
    CLASS
      NAME "Hamburg"
      EXPRESSION ('[NAME_1]' = 'Hamburg')
      STYLE
        COLOR 102 199 131
        OUTLINECOLOR 0 0 0
        WIDTH 0.26
      END # STYLE
    END # CLASS
    CLASS
      NAME "Hessen"
      EXPRESSION ('[NAME_1]' = 'Hessen')
      STYLE
        COLOR 105 188 143
        OUTLINECOLOR 0 0 0
        WIDTH 0.26
      END # STYLE
    END # CLASS
    CLASS
      NAME "Mecklenburg-Vorpommern"
      EXPRESSION ('[NAME_1]' = 'Mecklenburg-Vorpommern')
      STYLE
        COLOR 108 177 156
        OUTLINECOLOR 0 0 0
        WIDTH 0.26
      END # STYLE
    END # CLASS
    CLASS
      NAME "Niedersachsen"
      EXPRESSION ('[NAME_1]' = 'Niedersachsen')
      STYLE
        COLOR 111 165 168
        OUTLINECOLOR 0 0 0
        WIDTH 0.26
      END # STYLE
    END # CLASS
    CLASS
      NAME "Nordrhein-Westfalen"
      EXPRESSION ('[NAME_1]' = 'Nordrhein-Westfalen')
      STYLE
        COLOR 114 154 181
        OUTLINECOLOR 0 0 0
        WIDTH 0.26
      END # STYLE
    END # CLASS
    CLASS
      NAME "Rheinland-Pfalz"
      EXPRESSION ('[NAME_1]' = 'Rheinland-Pfalz')
      STYLE
        COLOR 117 143 193
        OUTLINECOLOR 0 0 0
        WIDTH 0.26
      END # STYLE
    END # CLASS
    CLASS
      NAME "Saarland"
      EXPRESSION ('[NAME_1]' = 'Saarland')
      STYLE
        COLOR 120 132 205
        OUTLINECOLOR 0 0 0
        WIDTH 0.26
      END # STYLE
    END # CLASS
    CLASS
      NAME "Sachsen-Anhalt"
      EXPRESSION ('[NAME_1]' = 'Sachsen-Anhalt')
      STYLE
        COLOR 123 121 218
        OUTLINECOLOR 0 0 0
        WIDTH 0.26
      END # STYLE
    END # CLASS
    CLASS
      NAME "Sachsen"
      EXPRESSION ('[NAME_1]' = 'Sachsen')
      STYLE
        COLOR 126 109 230
        OUTLINECOLOR 0 0 0
        WIDTH 0.26
      END # STYLE
    END # CLASS
    CLASS
      NAME "Schleswig-Holstein"
      EXPRESSION ('[NAME_1]' = 'Schleswig-Holstein')
      STYLE
        COLOR 129 98 243
        OUTLINECOLOR 0 0 0
        WIDTH 0.26
      END # STYLE
    END # CLASS
    CLASS
      NAME "Thüringen"
      EXPRESSION ('[NAME_1]' = 'Thüringen')
      STYLE
        COLOR 132 87 255
        OUTLINECOLOR 0 0 0
        WIDTH 0.26
      END # STYLE
    END # CLASS
  END # LAYER

END # MAP
